Name: amalgam2
Source: amalgam_S1_ARTICLE(ARTICLEID,TITLE,JOURNAL,YEAR,MONTH,PAGES,VOL,NUM,LOC,CLASS,NOTE,ANNOTE); amalgam_S1_ARTICLEPUBLISHED(ARTICLEID,AUTHID); amalgam_S1_AUTHOR(AUTHID,NAME); amalgam_S1_BOOK(BOOKID,TITLE,PUBLISHER,YEAR,MONTH,PAGES,VOL,NUM,LOC,CLASS,NOTE,ANNOTE); amalgam_S1_BOOKPUBLISHED(BOOKID,AUTHID); amalgam_S1_INCOLLECTION(COLLID,TITLE,BKTITLE,YEAR,MONTH,PAGES,VOL,NUM,LOC,CLASS,NOTE,ANNOTE); amalgam_S1_INCOLLPUBLISHED(COLLID,AUTHID); amalgam_S1_INPROCEEDINGS(INPROCID,TITLE,BKTITLE,YEAR,MONTH,PAGES,VOL,NUM,LOC,CLASS,NOTE,ANNOTE); amalgam_S1_INPROCPUBLISHED(INPROCID,AUTHID); amalgam_S1_MANUAL(MANID,TITLE,ORG,YEAR,MONTH,PAGES,VOL,NUM,LOC,CLASS,NOTE,ANNOTE); amalgam_S1_MANUALPUBLISHED(MANID,AUTHID); amalgam_S1_MISC(MISCID,TITLE,HOWPUB,CONFLOC,YEAR,MONTH,PAGES,VOL,NUM,LOC,CLASS,NOTE,ANNOTE); amalgam_S1_MISCPUBLISHED(MISCID,AUTHID); amalgam_S1_TECHPUBLISHED(TECHID,AUTHID); amalgam_S1_TECHREPORT(TECHID,TITLE,INST,YEAR,MONTH,PAGES,VOL,NUM,LOC,CLASS,NOTE,ANNOTE)
Target: amalgam_S2_ABSTRACTS(CITKEY,TXT); amalgam_S2_ADDRESSES(CITKEY,ADDRESS); amalgam_S2_ALLBIBS(CITKEY); amalgam_S2_AUTHORS(CITKEY,AUTNM); amalgam_S2_BOOKTITLE(BKTITLENM,BKTITLEID); amalgam_S2_CITBKTITLE(CITKEY,BKTITLEID); amalgam_S2_CITFORM(CITKEY,FORM); amalgam_S2_CITJOURNAL(CITKEY,JRNLID); amalgam_S2_CITKEYWD(CITKEY,KEYWDID); amalgam_S2_CITPUBLISHER(CITKEY,PUBID); amalgam_S2_CITSERIES(CITKEY,SERIESID); amalgam_S2_EDITORS(CITKEY,EDNM); amalgam_S2_INSTITUTIONS(CITKEY,INSTITNM); amalgam_S2_ISBN(CITKEY,ISBNNUM); amalgam_S2_JOURNAL(JRNLNM,JRNLID); amalgam_S2_KEYWORD(WORD,KEYWDID); amalgam_S2_MONTHS(CITKEY,MON); amalgam_S2_NOTES(CITKEY,NOTE); amalgam_S2_NUMBERS(CITKEY,NUM); amalgam_S2_PAGES(CITKEY,PGRANGE); amalgam_S2_PUBLISHER(PUBNM,PUBID); amalgam_S2_SCHOOLS(CITKEY,SCHOOLNM); amalgam_S2_SERIES(SERIESNM,SERIESID); amalgam_S2_TITLES(CITKEY,TITLE); amalgam_S2_TYPES(CITKEY,TYPE); amalgam_S2_VOLUMES(CITKEY,VOLNUM); amalgam_S2_YEARS(CITKEY,YR)

Tgd:
amalgam_S1_ARTICLE(x0,x1,x2,x3,x4,x5,x6,x7,x8,x9,x10,x11) -> amalgam_S2_PAGES(x0,x5) & amalgam_S2_ALLBIBS(x0)
amalgam_S1_ARTICLE(x0,x1,x2,x3,x4,x5,x6,x7,x8,x9,x10,x11) -> amalgam_S2_MONTHS(x0,x4) & amalgam_S2_ALLBIBS(x0)
amalgam_S1_ARTICLE(x0,x1,x2,x3,x4,x5,x6,x7,x8,x9,x10,x11) -> amalgam_S2_NUMBERS(x0,x7) & amalgam_S2_ALLBIBS(x0)
amalgam_S1_ARTICLE(x0,x1,x2,x3,x4,x5,x6,x7,x8,x9,x10,x11) -> amalgam_S2_NOTES(x0,x10) & amalgam_S2_ALLBIBS(x0)
amalgam_S1_ARTICLE(x0,x1,x2,x3,x4,x5,x6,x7,x8,x9,x10,x11) -> amalgam_S2_YEARS(x0,x3) & amalgam_S2_ALLBIBS(x0)
amalgam_S1_ARTICLE(x0,x1,x2,x3,x4,x5,x6,x7,x8,x9,x10,x11) -> amalgam_S2_TITLES(x0,x1) & amalgam_S2_ALLBIBS(x0)
amalgam_S1_ARTICLE(x0,x1,x2,x3,x4,x5,x6,x7,x8,x9,x10,x11) -> amalgam_S2_VOLUMES(x0,x6) & amalgam_S2_ALLBIBS(x0)
amalgam_S1_ARTICLE(x0,x1,x2,x3,x4,x5,x6,x7,x8,x9,x10,x11) -> amalgam_S2_ADDRESSES(x0,x8) & amalgam_S2_ALLBIBS(x0)
amalgam_S1_ARTICLE(x0,x1,x2,x3,x4,x5,x6,x7,x8,x9,x10,x11) -> amalgam_S2_CITJOURNAL(x0,x15) & amalgam_S2_JOURNAL(x2,x15) & amalgam_S2_ALLBIBS(x0)
amalgam_S1_ARTICLEPUBLISHED(x2,x1) & amalgam_S1_ARTICLE(x2,x3,x4,x5,x6,x7,x8,x9,x10,x11,x12,x13) & amalgam_S1_AUTHOR(x1,x15) -> amalgam_S2_AUTHORS(x2,x15) & amalgam_S2_ALLBIBS(x2)
amalgam_S1_AUTHOR(x0,x1) -> amalgam_S2_AUTHORS(x2,x1) & amalgam_S2_ALLBIBS(x2)
amalgam_S1_BOOKPUBLISHED(x0,x2) & amalgam_S1_AUTHOR(x2,x3) & amalgam_S1_BOOK(x0,x5,x6,x7,x8,x9,x10,x11,x12,x13,x14,x15) -> amalgam_S2_AUTHORS(x0,x3) & amalgam_S2_ALLBIBS(x0)
amalgam_S1_BOOK(x0,x1,x2,x3,x4,x5,x6,x7,x8,x9,x10,x11) -> amalgam_S2_TITLES(x0,x1) & amalgam_S2_ALLBIBS(x0)
amalgam_S1_BOOK(x0,x1,x2,x3,x4,x5,x6,x7,x8,x9,x10,x11) -> amalgam_S2_CITPUBLISHER(x0,x13) & amalgam_S2_ALLBIBS(x0) & amalgam_S2_PUBLISHER(x2,x13)
amalgam_S1_BOOK(x0,x1,x2,x3,x4,x5,x6,x7,x8,x9,x10,x11) -> amalgam_S2_YEARS(x0,x3) & amalgam_S2_ALLBIBS(x0)
amalgam_S1_BOOK(x0,x1,x2,x3,x4,x5,x6,x7,x8,x9,x10,x11) -> amalgam_S2_MONTHS(x0,x4) & amalgam_S2_ALLBIBS(x0)
amalgam_S1_BOOK(x0,x1,x2,x3,x4,x5,x6,x7,x8,x9,x10,x11) -> amalgam_S2_PAGES(x0,x5) & amalgam_S2_ALLBIBS(x0)
amalgam_S1_BOOK(x0,x1,x2,x3,x4,x5,x6,x7,x8,x9,x10,x11) -> amalgam_S2_VOLUMES(x0,x6) & amalgam_S2_ALLBIBS(x0)
amalgam_S1_BOOK(x0,x1,x2,x3,x4,x5,x6,x7,x8,x9,x10,x11) -> amalgam_S2_NUMBERS(x0,x7) & amalgam_S2_ALLBIBS(x0)
amalgam_S1_BOOK(x0,x1,x2,x3,x4,x5,x6,x7,x8,x9,x10,x11) -> amalgam_S2_ADDRESSES(x0,x8) & amalgam_S2_ALLBIBS(x0)
amalgam_S1_BOOK(x0,x1,x2,x3,x4,x5,x6,x7,x8,x9,x10,x11) -> amalgam_S2_NOTES(x0,x10) & amalgam_S2_ALLBIBS(x0)
amalgam_S1_INCOLLPUBLISHED(x0,x2) & amalgam_S1_AUTHOR(x2,x3) & amalgam_S1_INCOLLECTION(x0,x5,x6,x7,x8,x9,x10,x11,x12,x13,x14,x15) -> amalgam_S2_AUTHORS(x0,x3) & amalgam_S2_ALLBIBS(x0)
amalgam_S1_INCOLLECTION(x0,x1,x2,x3,x4,x5,x6,x7,x8,x9,x10,x11) -> amalgam_S2_TITLES(x0,x1) & amalgam_S2_ALLBIBS(x0)
amalgam_S1_INCOLLECTION(x0,x1,x2,x3,x4,x5,x6,x7,x8,x9,x10,x11) -> amalgam_S2_YEARS(x0,x3) & amalgam_S2_ALLBIBS(x0)
amalgam_S1_INCOLLECTION(x0,x1,x2,x3,x4,x5,x6,x7,x8,x9,x10,x11) -> amalgam_S2_MONTHS(x0,x4) & amalgam_S2_ALLBIBS(x0)
amalgam_S1_INCOLLECTION(x0,x1,x2,x3,x4,x5,x6,x7,x8,x9,x10,x11) -> amalgam_S2_PAGES(x0,x5) & amalgam_S2_ALLBIBS(x0)
amalgam_S1_INCOLLECTION(x0,x1,x2,x3,x4,x5,x6,x7,x8,x9,x10,x11) -> amalgam_S2_VOLUMES(x0,x6) & amalgam_S2_ALLBIBS(x0)
amalgam_S1_INCOLLECTION(x0,x1,x2,x3,x4,x5,x6,x7,x8,x9,x10,x11) -> amalgam_S2_NUMBERS(x0,x7) & amalgam_S2_ALLBIBS(x0)
amalgam_S1_INCOLLECTION(x0,x1,x2,x3,x4,x5,x6,x7,x8,x9,x10,x11) -> amalgam_S2_ADDRESSES(x0,x8) & amalgam_S2_ALLBIBS(x0)
amalgam_S1_INCOLLECTION(x0,x1,x2,x3,x4,x5,x6,x7,x8,x9,x10,x11) -> amalgam_S2_NOTES(x0,x10) & amalgam_S2_ALLBIBS(x0)
amalgam_S1_INPROCPUBLISHED(x0,x2) & amalgam_S1_AUTHOR(x2,x3) & amalgam_S1_INPROCEEDINGS(x0,x5,x6,x7,x8,x9,x10,x11,x12,x13,x14,x15) -> amalgam_S2_AUTHORS(x0,x3) & amalgam_S2_ALLBIBS(x0)
amalgam_S1_INPROCEEDINGS(x0,x1,x2,x3,x4,x5,x6,x7,x8,x9,x10,x11) -> amalgam_S2_TITLES(x0,x1) & amalgam_S2_ALLBIBS(x0)
amalgam_S1_INPROCEEDINGS(x0,x1,x2,x3,x4,x5,x6,x7,x8,x9,x10,x11) -> amalgam_S2_CITBKTITLE(x0,x13) & amalgam_S2_ALLBIBS(x0) & amalgam_S2_BOOKTITLE(x2,x13)
amalgam_S1_INCOLLECTION(x0,x1,x2,x3,x4,x5,x6,x7,x8,x9,x10,x11) -> amalgam_S2_CITBKTITLE(x0,x13) & amalgam_S2_ALLBIBS(x0) & amalgam_S2_BOOKTITLE(x2,x13)
amalgam_S1_BOOK(x0,x1,x2,x3,x4,x5,x6,x7,x8,x9,x10,x11) -> amalgam_S2_CITBKTITLE(x0,x13) & amalgam_S2_ALLBIBS(x0) & amalgam_S2_BOOKTITLE(x1,x13)
amalgam_S1_INPROCEEDINGS(x0,x1,x2,x3,x4,x5,x6,x7,x8,x9,x10,x11) -> amalgam_S2_YEARS(x0,x3) & amalgam_S2_ALLBIBS(x0)
amalgam_S1_INPROCEEDINGS(x0,x1,x2,x3,x4,x5,x6,x7,x8,x9,x10,x11) -> amalgam_S2_MONTHS(x0,x4) & amalgam_S2_ALLBIBS(x0)
amalgam_S1_INPROCEEDINGS(x0,x1,x2,x3,x4,x5,x6,x7,x8,x9,x10,x11) -> amalgam_S2_PAGES(x0,x5) & amalgam_S2_ALLBIBS(x0)
amalgam_S1_INPROCEEDINGS(x0,x1,x2,x3,x4,x5,x6,x7,x8,x9,x10,x11) -> amalgam_S2_VOLUMES(x0,x6) & amalgam_S2_ALLBIBS(x0)
amalgam_S1_INPROCEEDINGS(x0,x1,x2,x3,x4,x5,x6,x7,x8,x9,x10,x11) -> amalgam_S2_NUMBERS(x0,x7) & amalgam_S2_ALLBIBS(x0)
amalgam_S1_INPROCEEDINGS(x0,x1,x2,x3,x4,x5,x6,x7,x8,x9,x10,x11) -> amalgam_S2_ADDRESSES(x0,x8) & amalgam_S2_ALLBIBS(x0)
amalgam_S1_INPROCEEDINGS(x0,x1,x2,x3,x4,x5,x6,x7,x8,x9,x10,x11) -> amalgam_S2_NOTES(x0,x10) & amalgam_S2_ALLBIBS(x0)
amalgam_S1_MANUALPUBLISHED(x2,x1) & amalgam_S1_MANUAL(x2,x3,x4,x5,x6,x7,x8,x9,x10,x11,x12,x13) & amalgam_S1_AUTHOR(x1,x15) -> amalgam_S2_AUTHORS(x2,x15) & amalgam_S2_ALLBIBS(x2)
amalgam_S1_MANUAL(x0,x1,x2,x3,x4,x5,x6,x7,x8,x9,x10,x11) -> amalgam_S2_TITLES(x0,x1) & amalgam_S2_ALLBIBS(x0)
amalgam_S1_MANUAL(x0,x1,x2,x3,x4,x5,x6,x7,x8,x9,x10,x11) -> amalgam_S2_CITPUBLISHER(x0,x13) & amalgam_S2_ALLBIBS(x0) & amalgam_S2_PUBLISHER(x2,x13)
amalgam_S1_MANUAL(x0,x1,x2,x3,x4,x5,x6,x7,x8,x9,x10,x11) -> amalgam_S2_YEARS(x0,x3) & amalgam_S2_ALLBIBS(x0)
amalgam_S1_MANUAL(x0,x1,x2,x3,x4,x5,x6,x7,x8,x9,x10,x11) -> amalgam_S2_MONTHS(x0,x4) & amalgam_S2_ALLBIBS(x0)
amalgam_S1_MANUAL(x0,x1,x2,x3,x4,x5,x6,x7,x8,x9,x10,x11) -> amalgam_S2_PAGES(x0,x5) & amalgam_S2_ALLBIBS(x0)
amalgam_S1_MANUAL(x0,x1,x2,x3,x4,x5,x6,x7,x8,x9,x10,x11) -> amalgam_S2_VOLUMES(x0,x6) & amalgam_S2_ALLBIBS(x0)
amalgam_S1_MANUAL(x0,x1,x2,x3,x4,x5,x6,x7,x8,x9,x10,x11) -> amalgam_S2_NUMBERS(x0,x7) & amalgam_S2_ALLBIBS(x0)
amalgam_S1_MANUAL(x0,x1,x2,x3,x4,x5,x6,x7,x8,x9,x10,x11) -> amalgam_S2_ADDRESSES(x0,x8) & amalgam_S2_ALLBIBS(x0)
amalgam_S1_MANUAL(x0,x1,x2,x3,x4,x5,x6,x7,x8,x9,x10,x11) -> amalgam_S2_NOTES(x0,x10) & amalgam_S2_ALLBIBS(x0)
amalgam_S1_MISCPUBLISHED(x2,x1) & amalgam_S1_MISC(x2,x3,x4,x5,x6,x7,x8,x9,x10,x11,x12,x13,x14) & amalgam_S1_AUTHOR(x1,x16) -> amalgam_S2_AUTHORS(x2,x16) & amalgam_S2_ALLBIBS(x2)
amalgam_S1_MISC(x0,x1,x2,x3,x4,x5,x6,x7,x8,x9,x10,x11,x12) -> amalgam_S2_TITLES(x0,x1) & amalgam_S2_ALLBIBS(x0)
amalgam_S1_MISC(x0,x1,x2,x3,x4,x5,x6,x7,x8,x9,x10,x11,x12) -> amalgam_S2_ADDRESSES(x0,x3) & amalgam_S2_ALLBIBS(x0)
amalgam_S1_MISC(x0,x1,x2,x3,x4,x5,x6,x7,x8,x9,x10,x11,x12) -> amalgam_S2_YEARS(x0,x4) & amalgam_S2_ALLBIBS(x0)
amalgam_S1_MISC(x0,x1,x2,x3,x4,x5,x6,x7,x8,x9,x10,x11,x12) -> amalgam_S2_MONTHS(x0,x5) & amalgam_S2_ALLBIBS(x0)
amalgam_S1_MISC(x0,x1,x2,x3,x4,x5,x6,x7,x8,x9,x10,x11,x12) -> amalgam_S2_PAGES(x0,x6) & amalgam_S2_ALLBIBS(x0)
amalgam_S1_MISC(x0,x1,x2,x3,x4,x5,x6,x7,x8,x9,x10,x11,x12) -> amalgam_S2_VOLUMES(x0,x7) & amalgam_S2_ALLBIBS(x0)
amalgam_S1_MISC(x0,x1,x2,x3,x4,x5,x6,x7,x8,x9,x10,x11,x12) -> amalgam_S2_NUMBERS(x0,x8) & amalgam_S2_ALLBIBS(x0)
amalgam_S1_MISC(x0,x1,x2,x3,x4,x5,x6,x7,x8,x9,x10,x11,x12) -> amalgam_S2_NOTES(x0,x11) & amalgam_S2_ALLBIBS(x0)
amalgam_S1_TECHPUBLISHED(x0,x2) & amalgam_S1_AUTHOR(x2,x3) & amalgam_S1_TECHREPORT(x0,x5,x6,x7,x8,x9,x10,x11,x12,x13,x14,x15) -> amalgam_S2_AUTHORS(x0,x3) & amalgam_S2_ALLBIBS(x0)
amalgam_S1_TECHREPORT(x0,x1,x2,x3,x4,x5,x6,x7,x8,x9,x10,x11) -> amalgam_S2_TITLES(x0,x1) & amalgam_S2_ALLBIBS(x0)
amalgam_S1_TECHREPORT(x0,x1,x2,x3,x4,x5,x6,x7,x8,x9,x10,x11) -> amalgam_S2_INSTITUTIONS(x0,x2) & amalgam_S2_ALLBIBS(x0)
amalgam_S1_TECHREPORT(x0,x1,x2,x3,x4,x5,x6,x7,x8,x9,x10,x11) -> amalgam_S2_YEARS(x0,x3) & amalgam_S2_ALLBIBS(x0)
amalgam_S1_TECHREPORT(x0,x1,x2,x3,x4,x5,x6,x7,x8,x9,x10,x11) -> amalgam_S2_MONTHS(x0,x4) & amalgam_S2_ALLBIBS(x0)
amalgam_S1_TECHREPORT(x0,x1,x2,x3,x4,x5,x6,x7,x8,x9,x10,x11) -> amalgam_S2_PAGES(x0,x5) & amalgam_S2_ALLBIBS(x0)
amalgam_S1_TECHREPORT(x0,x1,x2,x3,x4,x5,x6,x7,x8,x9,x10,x11) -> amalgam_S2_VOLUMES(x0,x6) & amalgam_S2_ALLBIBS(x0)
amalgam_S1_TECHREPORT(x0,x1,x2,x3,x4,x5,x6,x7,x8,x9,x10,x11) -> amalgam_S2_NUMBERS(x0,x7) & amalgam_S2_ALLBIBS(x0)
amalgam_S1_TECHREPORT(x0,x1,x2,x3,x4,x5,x6,x7,x8,x9,x10,x11) -> amalgam_S2_ADDRESSES(x0,x8) & amalgam_S2_ALLBIBS(x0)
amalgam_S1_TECHREPORT(x0,x1,x2,x3,x4,x5,x6,x7,x8,x9,x10,x11) -> amalgam_S2_NOTES(x0,x10) & amalgam_S2_ALLBIBS(x0)
